// Jest Snapshot v1, https://goo.gl/fbAQLP

exports[`test calculator function Match Calculator DOM 1`] = `
Object {
  "asFragment": [Function],
  "baseElement": <body>
    <div>
      <div
        class="calculatorHeader"
      >
        <h4>
          Let's do some math!
        </h4>
        <div
          class="calculator container"
        >
          <div
            class="display-box row"
          >
            <div
              class="bg-secondary border result col"
            >
              <span>
                 
                 
              </span>
              <span>
                 
                 
              </span>
              <span>
                 
                 
              </span>
            </div>
          </div>
          <div
            class="row"
          >
            <div
              class="light column border col"
            >
              AC
            </div>
            <div
              class="light column border col"
            >
              +/-
            </div>
            <div
              class="light column border col"
            >
              %
            </div>
            <div
              class="orange column border col"
            >
              รท
            </div>
          </div>
          <div
            class="row"
          >
            <div
              class="light column border col"
            >
              7
            </div>
            <div
              class="light column border col"
            >
              8
            </div>
            <div
              class="light column border col"
            >
              9
            </div>
            <div
              class="orange column border col"
            >
              x
            </div>
          </div>
          <div
            class="row"
          >
            <div
              class="light column border col"
            >
              4
            </div>
            <div
              class="light column border col"
            >
              5
            </div>
            <div
              class="light column border col"
            >
              6
            </div>
            <div
              class="orange column border col"
            >
              -
            </div>
          </div>
          <div
            class="row"
          >
            <div
              class="light column border col"
            >
              1
            </div>
            <div
              class="light column border col"
            >
              2
            </div>
            <div
              class="light column border col"
            >
              3
            </div>
            <div
              class="orange column border col"
            >
              +
            </div>
          </div>
          <div
            class="row"
          >
            <div
              class="light column border col"
            >
              0
            </div>
            <div
              class="light col"
            >
              <div
                class="row"
              >
                <div
                  class="light column border col"
                >
                  .
                </div>
                <div
                  class="orange column border col"
                >
                  =
                </div>
              </div>
            </div>
          </div>
        </div>
      </div>
    </div>
  </body>,
  "container": <div>
    <div
      class="calculatorHeader"
    >
      <h4>
        Let's do some math!
      </h4>
      <div
        class="calculator container"
      >
        <div
          class="display-box row"
        >
          <div
            class="bg-secondary border result col"
          >
            <span>
               
               
            </span>
            <span>
               
               
            </span>
            <span>
               
               
            </span>
          </div>
        </div>
        <div
          class="row"
        >
          <div
            class="light column border col"
          >
            AC
          </div>
          <div
            class="light column border col"
          >
            +/-
          </div>
          <div
            class="light column border col"
          >
            %
          </div>
          <div
            class="orange column border col"
          >
            รท
          </div>
        </div>
        <div
          class="row"
        >
          <div
            class="light column border col"
          >
            7
          </div>
          <div
            class="light column border col"
          >
            8
          </div>
          <div
            class="light column border col"
          >
            9
          </div>
          <div
            class="orange column border col"
          >
            x
          </div>
        </div>
        <div
          class="row"
        >
          <div
            class="light column border col"
          >
            4
          </div>
          <div
            class="light column border col"
          >
            5
          </div>
          <div
            class="light column border col"
          >
            6
          </div>
          <div
            class="orange column border col"
          >
            -
          </div>
        </div>
        <div
          class="row"
        >
          <div
            class="light column border col"
          >
            1
          </div>
          <div
            class="light column border col"
          >
            2
          </div>
          <div
            class="light column border col"
          >
            3
          </div>
          <div
            class="orange column border col"
          >
            +
          </div>
        </div>
        <div
          class="row"
        >
          <div
            class="light column border col"
          >
            0
          </div>
          <div
            class="light col"
          >
            <div
              class="row"
            >
              <div
                class="light column border col"
              >
                .
              </div>
              <div
                class="orange column border col"
              >
                =
              </div>
            </div>
          </div>
        </div>
      </div>
    </div>
  </div>,
  "debug": [Function],
  "findAllByAltText": [Function],
  "findAllByDisplayValue": [Function],
  "findAllByLabelText": [Function],
  "findAllByPlaceholderText": [Function],
  "findAllByRole": [Function],
  "findAllByTestId": [Function],
  "findAllByText": [Function],
  "findAllByTitle": [Function],
  "findByAltText": [Function],
  "findByDisplayValue": [Function],
  "findByLabelText": [Function],
  "findByPlaceholderText": [Function],
  "findByRole": [Function],
  "findByTestId": [Function],
  "findByText": [Function],
  "findByTitle": [Function],
  "getAllByAltText": [Function],
  "getAllByDisplayValue": [Function],
  "getAllByLabelText": [Function],
  "getAllByPlaceholderText": [Function],
  "getAllByRole": [Function],
  "getAllByTestId": [Function],
  "getAllByText": [Function],
  "getAllByTitle": [Function],
  "getByAltText": [Function],
  "getByDisplayValue": [Function],
  "getByLabelText": [Function],
  "getByPlaceholderText": [Function],
  "getByRole": [Function],
  "getByTestId": [Function],
  "getByText": [Function],
  "getByTitle": [Function],
  "queryAllByAltText": [Function],
  "queryAllByDisplayValue": [Function],
  "queryAllByLabelText": [Function],
  "queryAllByPlaceholderText": [Function],
  "queryAllByRole": [Function],
  "queryAllByTestId": [Function],
  "queryAllByText": [Function],
  "queryAllByTitle": [Function],
  "queryByAltText": [Function],
  "queryByDisplayValue": [Function],
  "queryByLabelText": [Function],
  "queryByPlaceholderText": [Function],
  "queryByRole": [Function],
  "queryByTestId": [Function],
  "queryByText": [Function],
  "queryByTitle": [Function],
  "rerender": [Function],
  "unmount": [Function],
}
`;
