// Jest Snapshot v1, https://goo.gl/fbAQLP

exports[`test Header function Match Header DOM 1`] = `
Object {
  "asFragment": [Function],
  "baseElement": <body>
    <div>
      <nav
        class="nav navbar"
      >
        <div
          class="container-fluid"
        >
          <a
            class="navbrand navbar-brand"
          >
            Math magicians
          </a>
          <ul
            class="nav"
          >
            <li
              class="nav-item"
            >
              <a
                class="link"
                href="/"
              >
                <span
                  class="navLink navbar-text"
                >
                   Home 
                </span>
              </a>
            </li>
            <li
              class="nav-item"
            >
              <a
                class="link"
                href="/calculator"
              >
                <span
                  class="navLink navbar-text"
                >
                   Calculator 
                </span>
              </a>
            </li>
            <li
              class="nav-item"
            >
              <a
                class="link"
                href="/quote"
              >
                <span
                  class="navLink navbar-text"
                >
                   Quote 
                </span>
              </a>
            </li>
          </ul>
        </div>
      </nav>
    </div>
  </body>,
  "container": <div>
    <nav
      class="nav navbar"
    >
      <div
        class="container-fluid"
      >
        <a
          class="navbrand navbar-brand"
        >
          Math magicians
        </a>
        <ul
          class="nav"
        >
          <li
            class="nav-item"
          >
            <a
              class="link"
              href="/"
            >
              <span
                class="navLink navbar-text"
              >
                 Home 
              </span>
            </a>
          </li>
          <li
            class="nav-item"
          >
            <a
              class="link"
              href="/calculator"
            >
              <span
                class="navLink navbar-text"
              >
                 Calculator 
              </span>
            </a>
          </li>
          <li
            class="nav-item"
          >
            <a
              class="link"
              href="/quote"
            >
              <span
                class="navLink navbar-text"
              >
                 Quote 
              </span>
            </a>
          </li>
        </ul>
      </div>
    </nav>
  </div>,
  "debug": [Function],
  "findAllByAltText": [Function],
  "findAllByDisplayValue": [Function],
  "findAllByLabelText": [Function],
  "findAllByPlaceholderText": [Function],
  "findAllByRole": [Function],
  "findAllByTestId": [Function],
  "findAllByText": [Function],
  "findAllByTitle": [Function],
  "findByAltText": [Function],
  "findByDisplayValue": [Function],
  "findByLabelText": [Function],
  "findByPlaceholderText": [Function],
  "findByRole": [Function],
  "findByTestId": [Function],
  "findByText": [Function],
  "findByTitle": [Function],
  "getAllByAltText": [Function],
  "getAllByDisplayValue": [Function],
  "getAllByLabelText": [Function],
  "getAllByPlaceholderText": [Function],
  "getAllByRole": [Function],
  "getAllByTestId": [Function],
  "getAllByText": [Function],
  "getAllByTitle": [Function],
  "getByAltText": [Function],
  "getByDisplayValue": [Function],
  "getByLabelText": [Function],
  "getByPlaceholderText": [Function],
  "getByRole": [Function],
  "getByTestId": [Function],
  "getByText": [Function],
  "getByTitle": [Function],
  "queryAllByAltText": [Function],
  "queryAllByDisplayValue": [Function],
  "queryAllByLabelText": [Function],
  "queryAllByPlaceholderText": [Function],
  "queryAllByRole": [Function],
  "queryAllByTestId": [Function],
  "queryAllByText": [Function],
  "queryAllByTitle": [Function],
  "queryByAltText": [Function],
  "queryByDisplayValue": [Function],
  "queryByLabelText": [Function],
  "queryByPlaceholderText": [Function],
  "queryByRole": [Function],
  "queryByTestId": [Function],
  "queryByText": [Function],
  "queryByTitle": [Function],
  "rerender": [Function],
  "unmount": [Function],
}
`;
